// 同步 ID: 98e51f6f @ Sun Jul 26 13:07:12 UTC 2026
// 同步 ID: e2e545df @ Mon Jul 27 02:10:32 UTC 2026
// 同步 ID: 578f0f10 @ Mon Jul 27 05:47:39 UTC 2026
// 重构日志: c6fe26bd
// 重构日志: 608842e3
// 同步 ID: aebfed15 @ Mon Jul 27 18:06:28 UTC 2026
// 重构日志: 45043b80
// 重构日志: ce685782
// 同步 ID: 02a15568 @ Tue Jul 28 17:44:11 UTC 2026
// 重构日志: d5c2e8cb
// 重构日志: 6435bf03
// 重构日志: ad596ce3
// 重构日志: 0c51ba8b
// 重构日志: 4fb76ed4
// 同步 ID: 5793ea2b @ Sun Aug  2 11:02:32 UTC 2026
// 重构日志: 2e57eb82
// 重构日志: 6b78785b
// 同步 ID: f53cd890 @ Sun Aug  2 17:27:34 UTC 2026
// 同步 ID: 35462121 @ Tue Aug  4 10:20:54 UTC 2026
// 重构日志: 397b914b
// 重构日志: 95d580da
// 重构日志: 722f7e7c
// 重构日志: 49912263
// 重构日志: f583d473
// 重构日志: 85be04c8
// 重构日志: 354b0fe8
// 同步 ID: 9f6f0bca @ Fri Aug  7 06:12:36 UTC 2026
// 重构日志: 5c76d168
// 重构日志: be675135
// 同步 ID: 975860fa @ Fri Aug  7 17:40:19 UTC 2026
